#!/bin/bash
echo "Git commands and tests"

mkdir ~/git_tests
cd ~/git_tests
echo "this repos is for learning git" > readme.txt

stephenwilkins@Stephens-iMac git % cd ~/git_tests 
stephenwilkins@Stephens-iMac git_tests % git init
Initialized empty Git repository in /Users/stephenwilkins/git_tests/.git/

stephenwilkins@Stephens-iMac git_tests % git config -l    
credential.helper=osxkeychain
init.defaultbranch=main
user.email=swilko@gmail.com
user.name=swilkogmail
core.repositoryformatversion=0
core.filemode=true
core.bare=false
core.logallrefupdates=true
core.ignorecase=true
core.precomposeunicode=true

after modifying the file you can add the commit to the repos

    stephenwilkins@Stephens-iMac git_tests % git add *
    stephenwilkins@Stephens-iMac git_tests % git commit readme.txt
    [main (root-commit) b5650ec] added a line to test commiting
    1 file changed, 3 insertions(+)
    create mode 100644 readme.txt

LOG WILL SHOW THE COMMITS

    git log
    commit b5650ec6676d9ddbdeb9040649f8fed52193bee9 (HEAD -> main)
    Author: swilkogmail <swilko@gmail.com>
    Date:   Sat Jan 21 15:01:37 2023 +0000

        added a line to test commiting  

using the commit number will show more details about the commit:

    stephenwilkins@Stephens-iMac git_tests % git show c3670679a6c709c0f4fc8603b5321c7c20ef0134
    commit c3670679a6c709c0f4fc8603b5321c7c20ef0134 (HEAD -> main)
    Author: swilkogmail <swilko@gmail.com>
    Date:   Sat Jan 21 15:05:57 2023 +0000

        second commit with another line

    diff --git a/readme.txt b/readme.txt
    index cb8b1ba..3764f62 100644
    --- a/readme.txt
    +++ b/readme.txt
    @@ -1,3 +1,5 @@
    this repos is for learning git
    
    here is an additional line
    +
    +added some more stuff

git show without the commit show the most recent details

git show-branch will summaries of the most resent dev branch

    stephenwilkins@Stephens-iMac git_tests % git show-branch --more=10
    [main] second commit with another line
    [main^] added a line to test commiting

to view to differences recall two ids and take a look:
convention is to place the earlier version first

git diff c3670679a6c709c0f4fc8603b5321c7c20ef0134 \
        b5650ec6676d9ddbdeb9040649f8fed52193bee9

    stephenwilkins@Stephens-iMac git_tests % git diff b5650ec6676d9ddbdeb9040649f8fed52193bee9 \
                c3670679a6c709c0f4fc8603b5321c7c20ef0134
    diff --git a/readme.txt b/readme.txt
    index cb8b1ba..3764f62 100644
    --- a/readme.txt
    +++ b/readme.txt
    @@ -1,3 +1,5 @@
    this repos is for learning git
    
    here is an additional line
    +
    +added some more stuff

the + show each line of added content

    stephenwilkins@Stephens-iMac git_tests % git add .
    stephenwilkins@Stephens-iMac git_tests % git commit -m "file that will be renamed"
    [main fd7548d] file that will be renamed
    1 file changed, 1 insertion(+)
    create mode 100644 foo.txt


RENAMING FILES

slow route

    stephenwilkins@Stephens-iMac git_tests % vi foo.txt
    stephenwilkins@Stephens-iMac git_tests % git add .
    stephenwilkins@Stephens-iMac git_tests % git commit -m "file that will be renamed"
    [main fd7548d] file that will be renamed
    1 file changed, 1 insertion(+)
    create mode 100644 foo.txt
    -rw-r--r--@ 1 stephenwilkins  staff  26 21 Jan 15:25 foo.txt
    stephenwilkins@Stephens-iMac git_tests % mv foo.txt bar.txt
    stephenwilkins@Stephens-iMac git_tests % git rm foo.txt    
    rm 'foo.txt'
    stephenwilkins@Stephens-iMac git_tests % git add bar.txt
    stephenwilkins@Stephens-iMac git_tests % git commit -m "file renamed"             
    [main 8b92e82] file renamed
    1 file changed, 0 insertions(+), 0 deletions(-)
    rename foo.txt => bar.txt (100%)

quick route:

    stephenwilkins@Stephens-iMac git_tests % git mv bar.txt foo.txt
    stephenwilkins@Stephens-iMac git_tests % git commit -m "file renamed back"

notes:

when you add a file it 'stages' the file. this means it updates the index in the .git directory

cat .index
git status will show the contents of the index
git doesn't track directories
    if you want directories to be added the you need to add a file call .keep to the directory

git check-ignore will check whether a file is being ignored based on a pattern